src/pages/kiosk/components/DetailModal.tsx(1,26): error TS2307: Cannot find module '../context' or its corresponding type declarations.
src/pages/mobile/MobileBroadcasts.tsx(2,74): error TS6133: 'MapPin' is declared but its value is never read.
src/pages/mobile/PublicDetail.tsx(4,34): error TS6133: 'MapPin' is declared but its value is never read.
src/pages/traveler/Home.tsx(30,13): error TS6133: 'user' is declared but its value is never read.
src/pages/traveler/Profile.tsx(3,1): error TS6133: 'Card' is declared but its value is never read.
